// Jest Snapshot v1, https://goo.gl/fbAQLP

exports[`component::FederalState initial state renders without crashing 1`] = `
<section
  className="o-expandable aggregation"
>
  <div
    className="o-expandable_header o-expandable_target"
  >
    <h4
      className="o-expandable_header-left o-expandable_label"
    >
      State
    </h4>
    <span
      className="o-expandable_header-right o-expandable_link"
    >
      <button
        className="a-btn a-btn__link o-expandable_cue o-expandable_cue-close"
        onClick={[Function]}
      >
        Hide
        <span
          className="cf-icon cf-icon-minus-round"
        />
      </button>
    </span>
  </div>
  <p>
    The state of the mailing address provided by the consumer
  </p>
  <section
    className="typeahead "
    onBlur={[Function]}
    onFocus={[Function]}
  >
    <div
      className="m-btn-inside-input input-contains-label"
    >
      <label
        className="input-contains-label_before input-contains-label_before__search"
      />
      <input
        autoComplete="off"
        className="a-text-input"
        onChange={[Function]}
        onKeyDown={[Function]}
        placeholder="Enter state name or abbreviation"
        type="text"
        value=""
      />
    </div>
  </section>
  <ul>
    <li
      className="layout-row m-form-field m-form-field__checkbox"
    >
      <input
        aria-label="DC"
        checked={true}
        className="flex-fixed a-checkbox"
        id="stateDC"
        onChange={[Function]}
        type="checkbox"
      />
      <label
        className="a-label flex-all bucket-key body-copy"
        htmlFor="stateDC"
      >
        District Of Columbia (DC)
      </label>
      <span
        className="flex-fixed bucket-count"
      >
        <span>
          999
        </span>
      </span>
    </li>
  </ul>
</section>
`;
