// Jest Snapshot v1, https://goo.gl/fbAQLP

exports[`component::ZipCode snapshots renders without crashing 1`] = `
<section
  className="o-expandable aggregation"
>
  <div
    className="o-expandable_header o-expandable_target"
  >
    <h4
      className="o-expandable_header-left o-expandable_label"
    >
      Zip code
    </h4>
    <span
      className="o-expandable_header-right o-expandable_link"
    >
      <button
        className="a-btn a-btn__link o-expandable_cue o-expandable_cue-close"
        onClick={[Function]}
      >
        Hide
        <span
          className="cf-icon cf-icon-minus-round"
        />
      </button>
    </span>
  </div>
  <p>
    The mailing ZIP code provided by the consumer
  </p>
  <section
    className="typeahead "
    onBlur={[Function]}
    onFocus={[Function]}
  >
    <div
      className="m-btn-inside-input input-contains-label"
    >
      <label
        className="input-contains-label_before input-contains-label_before__search"
      />
      <input
        autoComplete="off"
        className="a-text-input"
        onChange={[Function]}
        onKeyDown={[Function]}
        placeholder="Enter first three digits of ZIP code"
        type="text"
        value=""
      />
    </div>
  </section>
  <ul>
    <li
      className="layout-row m-form-field m-form-field__checkbox"
    >
      <input
        aria-label="300XX"
        checked={true}
        className="flex-fixed a-checkbox"
        id="zip_code300XX"
        onChange={[Function]}
        type="checkbox"
      />
      <label
        className="a-label flex-all bucket-key body-copy"
        htmlFor="zip_code300XX"
      >
        300XX
      </label>
      <span
        className="flex-fixed bucket-count"
      >
        <span>
          999
        </span>
      </span>
    </li>
  </ul>
</section>
`;
